number
number
Fizz
number
Buzz
Fizz
number
number
Fizz
Buzz
number
Fizz
number
number
FizzBuzz
number
number
Fizz
number
Buzz
Fizz
number
number
Fizz
Buzz
number
Fizz
number
number
FizzBuzz
$? = 0
