unit with (): OK
int with literal pats: OK
int with _: OK
int with 1|_: OK
int * unit with _, (): OK
int list with []: OK
int list with _::_: OK
int list with [] | _::_: OK
int list with [] | [_] | _::_::_: OK
int list list with [] | [[]] | [_::_] | _::_::_: OK
int list * int list with [], [] | [], _::_ | _::_, [] | _::_, _::_: OK
$? = 0
