No formats
Hello!
Welcome to Milone Land. Entry price is $1000000007!
$? = 0
